// Jest Snapshot v1, https://goo.gl/fbAQLP

exports[`ProgressBar renders without crashing 1`] = `
<div>
  <div
    class="reactist_progress_bar"
  >
    <div
      class="inner"
      style="width: 0%;"
    />
    <div
      class="hiddenVisually box position-absolute overflow-hidden"
    >
      <progress
        max="100"
        value="0"
      />
    </div>
  </div>
</div>
`;
