// Jest Snapshot v1, https://goo.gl/fbAQLP

exports[`Tooltip renders only children if text prop is not defined 1`] = `
<span>
  Wrapped Content
</span>
`;

exports[`Tooltip renders without crashing 1`] = `
<Tooltip
  allowVaguePositioning={false}
  delayHide={0}
  delayShow={500}
  gapSize={5}
  hideOnScroll={true}
  inverted={false}
  position="auto"
  text="tip"
  withArrow={true}
>
  <Popover
    allowVaguePositioning={false}
    arrowClassName="reactist tooltip__arrow"
    content="tip"
    gapSize={5}
    onMouseEnter={[Function]}
    onMouseLeave={[Function]}
    popoverClassName="reactist tooltip__text"
    popoverRef={[Function]}
    position="auto"
    trigger={
      Array [
        <span
          onClick={[Function]}
        >
          Wrapped Content
        </span>,
      ]
    }
    visible={false}
    withArrow={true}
    wrapperRef={[Function]}
  >
    <span
      key=".$.0"
      onClick={[Function]}
      onMouseEnter={[Function]}
      onMouseLeave={[Function]}
    >
      Wrapped Content
    </span>
  </Popover>
</Tooltip>
`;
